[backblue.gif]
[fade.gif]
[index.html]
[ajax.googleapis.com/ajax/libs/prototype/1.7.0.0/prototype.1.delayed]
[www.winsfordasc.co.uk/Resources/backgroundgradien.gif]
[www.winsfordasc.co.uk/Resources/item2f.gif]
[www.winsfordasc.co.uk/Resources/item2c.gif]
[www.winsfordasc.co.uk/Resources/item2b6.gif]
[www.winsfordasc.co.uk/Resources/item2b5.gif]
[www.winsfordasc.co.uk/Resources/item2b1e.gif]
[www.winsfordasc.co.uk/Resources/item2b1d.gif]
[www.winsfordasc.co.uk/Resources/item2b2e.gif]
[www.winsfordasc.co.uk/Resources/item2b2d.gif]
[www.winsfordasc.co.uk/Resources/item2b3e.gif]
[www.winsfordasc.co.uk/Resources/item2b3d.gif]
[www.winsfordasc.co.uk/Resources/item2b4f.gif]
[www.winsfordasc.co.uk/Resources/item2b4e.gif]
[www.winsfordasc.co.uk/Resources/hometopimage.jpg]
[www.winsfordasc.co.uk/Resources/hometopimage1.jpg]
[www.winsfordasc.co.uk/Resources/item6b.gif]
[www.winsfordasc.co.uk/Resources/hometopimage2.jpg]
[www.winsfordasc.co.uk/Resources/_clear.gif]
[www.winsfordasc.co.uk/Resources/navtitle1a.png]
[www.winsfordasc.co.uk/Resources/titlebarwhite.png]
[www.winsfordasc.co.uk/Resources/featured2.png]
[www.winsfordasc.co.uk/Resources/clubwinsfordcrop.jpg]
[www.winsfordasc.co.uk/Resources/winsfordnational.jpg]
[www.winsfordasc.co.uk/Resources/featured1.png]
[www.winsfordasc.co.uk/Resources/cc2015ConsiderationTimesv2.pdf]
[www.winsfordasc.co.uk/Resources/2015_Regional_(Summer)_Championships_QTs_-_rev_1.pdf]
[www.winsfordasc.co.uk/Resources/2015 BS_SummerChamps_conditions7_1.pdf]
[www.winsfordasc.co.uk/Resources/2015_asa_summer_championship_conditions_final.pdf]
[www.winsfordasc.co.uk/Resources/2015_ASA_Winter_Meet_QT_FINAL.pdf]
[www.winsfordasc.co.uk/Resources/swim21logo.jpg]
[www.winsfordasc.co.uk/Resources/sportenglandlogo.jpg]
[www.winsfordasc.co.uk/Resources/amateurswimminga.jpg]
[www.winsfordasc.co.uk/Resources/arenalogosmall.jpg]
[www.winsfordasc.co.uk/Resources/nwmteam2014b.jpg]
[www.winsfordasc.co.uk/Resources/newasalogosmall.jpg]
[www.winsfordasc.co.uk/Resources/caro1.jpg]
[www.winsfordasc.co.uk/Resources/caro2.jpg]
[www.winsfordasc.co.uk/Resources/caro3.jpg]
[www.winsfordasc.co.uk/Resources/caro4.jpg]
[www.winsfordasc.co.uk/Resources/caro5.jpg]
[www.winsfordasc.co.uk/Resources/caro6.jpg]
[www.winsfordasc.co.uk/Resources/caro7.jpg]
[www.winsfordasc.co.uk/Resources/caro8.jpg]
[www.winsfordasc.co.uk/Resources/caro9.jpg]
[www.winsfordasc.co.uk/Resources/caro10.jpg]
[www.winsfordasc.co.uk/Resources/brionewblog110.jpg]
[www.winsfordasc.co.uk/Resources/systemsfinalweb.jpg]
[www.winsfordasc.co.uk/Resources/swimmingtimescov.jpg]
[www.winsfordasc.co.uk/index.html]
[www.winsfordasc.co.uk/Resources/item2bc.gif]
[www.winsfordasc.co.uk/Resources/item2bb.gif]
[www.winsfordasc.co.uk/Resources/item2b1c.gif]
[www.winsfordasc.co.uk/Resources/item2b1b.gif]
[www.winsfordasc.co.uk/Resources/item2b2c.gif]
[www.winsfordasc.co.uk/Resources/item2b2b.gif]
[www.winsfordasc.co.uk/Resources/item2b3c.gif]
[www.winsfordasc.co.uk/Resources/item2b3b.gif]
[www.winsfordasc.co.uk/Resources/item2c3.gif]
[www.winsfordasc.co.uk/Resources/item2c2.gif]
[www.winsfordasc.co.uk/Resources/trainingtopimage.jpg]
[www.winsfordasc.co.uk/Resources/trainingtopimage1.jpg]
[www.winsfordasc.co.uk/Resources/titlebarwhitea.png]
[www.winsfordasc.co.uk/swim.html]
[www.winsfordasc.co.uk/Resources/titlebarwhite4.png]
[www.winsfordasc.co.uk/Resources/nwregionalteam20.jpg]
[www.winsfordasc.co.uk/Resources/North West Regional Championships 2015 Report.doc]
[www.winsfordasc.co.uk/Resources/Winsford_2015County_Report.doc]
[www.winsfordasc.co.uk/Resources/alishanationalme1.jpg]
[www.winsfordasc.co.uk/news.html]
[www.winsfordasc.co.uk/Resources/item2e.gif]
[www.winsfordasc.co.uk/Resources/item2d.gif]
[www.winsfordasc.co.uk/Resources/item2be.gif]
[www.winsfordasc.co.uk/Resources/item2bd.gif]
[www.winsfordasc.co.uk/Resources/meetstopimage.jpg]
[www.winsfordasc.co.uk/Resources/meetstopimage1.jpg]
[www.winsfordasc.co.uk/Resources/titlebarwhite5.png]
[www.winsfordasc.co.uk/Resources/Open Meets.doc]
[www.winsfordasc.co.uk/meetscal.html]
[www.winsfordasc.co.uk/Resources/item2c5.gif]
[www.winsfordasc.co.uk/Resources/item2c4.gif]
[www.winsfordasc.co.uk/Resources/item2b4h.gif]
[www.winsfordasc.co.uk/Resources/item2b4g.gif]
[www.winsfordasc.co.uk/Resources/item2b1a3.gif]
[www.winsfordasc.co.uk/Resources/item2b1a2.gif]
[www.winsfordasc.co.uk/Resources/item2b2a2.gif]
[www.winsfordasc.co.uk/Resources/item2b2a1.gif]
[www.winsfordasc.co.uk/Resources/item2b3a2.gif]
[www.winsfordasc.co.uk/Resources/item2b3a1.gif]
[www.winsfordasc.co.uk/Resources/infotopimage.jpg]
[www.winsfordasc.co.uk/Resources/infotopimage1.jpg]
[www.winsfordasc.co.uk/Resources/item6a.gif]
[www.winsfordasc.co.uk/Resources/infotopimage2.jpg]
[www.winsfordasc.co.uk/Resources/infotopimage3.jpg]
[www.winsfordasc.co.uk/Resources/titlebarwhitec.png]
[www.winsfordasc.co.uk/information.html]
[www.winsfordasc.co.uk/Resources/item2a.gif]
[www.winsfordasc.co.uk/Resources/item2.gif]
[www.winsfordasc.co.uk/Resources/item2ba.gif]
[www.winsfordasc.co.uk/Resources/item2b.gif]
[www.winsfordasc.co.uk/Resources/item2b1a.gif]
[www.winsfordasc.co.uk/Resources/item2b1.gif]
[www.winsfordasc.co.uk/Resources/item2b2a.gif]
[www.winsfordasc.co.uk/Resources/item2b2.gif]
[www.winsfordasc.co.uk/Resources/item2b3a.gif]
[www.winsfordasc.co.uk/Resources/item2b3.gif]
[www.winsfordasc.co.uk/Resources/item2b4b.gif]
[www.winsfordasc.co.uk/Resources/item2b4.gif]
[www.winsfordasc.co.uk/Resources/hometopimage3.jpg]
[www.winsfordasc.co.uk/Resources/hometopimage4.jpg]
[www.winsfordasc.co.uk/Resources/item6a1.gif]
[www.winsfordasc.co.uk/Resources/hometopimage5.jpg]
[www.winsfordasc.co.uk/Resources/hometopimage6.jpg]
[www.winsfordasc.co.uk/memberssectiona.html]
[www.winsfordasc.co.uk/Resources/titlebarwhitee.png]
[www.winsfordasc.co.uk/Resources/item2cc.gif]
[www.winsfordasc.co.uk/Resources/item2cb.gif]
[www.winsfordasc.co.uk/Resources/item2b4d.gif]
[www.winsfordasc.co.uk/Resources/item2b4c.gif]
[www.winsfordasc.co.uk/Resources/item2b1ab.gif]
[www.winsfordasc.co.uk/Resources/item2b1aa.gif]
[www.winsfordasc.co.uk/Resources/item2b2ab.gif]
[www.winsfordasc.co.uk/Resources/item2b2aa.gif]
[www.winsfordasc.co.uk/Resources/item2b3ab.gif]
[www.winsfordasc.co.uk/Resources/item2b3aa.gif]
[www.winsfordasc.co.uk/contactus.html]
[www.winsfordasc.co.uk/Resources/titlebarwhite1d.png]
[www.winsfordasc.co.uk/Resources/item2ce.gif]
[www.winsfordasc.co.uk/Resources/item2cd.gif]
[www.winsfordasc.co.uk/Resources/titlebarwhite1e.png]
[www.winsfordasc.co.uk/Resources/titlebarwhite1f.png]
[www.winsfordasc.co.uk/Resources/younggirlswimmin.jpg]
[www.winsfordasc.co.uk/Resources/rubberduckinpool.jpg]
[www.winsfordasc.co.uk/lessonsa.html]
[www.winsfordasc.co.uk/Resources/titlebarwhite1a.png]
[www.winsfordasc.co.uk/Resources/Shop Order Form.doc]
[www.winsfordasc.co.uk/Resources/item3d1.jpg]
[www.winsfordasc.co.uk/Resources/item3b1.jpg]
[www.winsfordasc.co.uk/Resources/item3a3.jpg]
[www.winsfordasc.co.uk/Resources/item3d.jpg]
[www.winsfordasc.co.uk/Resources/item3c.jpg]
[www.winsfordasc.co.uk/Resources/item3b.jpg]
[www.winsfordasc.co.uk/Resources/item3a.jpg]
[www.winsfordasc.co.uk/Resources/item3a1.jpg]
[www.winsfordasc.co.uk/Resources/item3e.jpg]
[www.winsfordasc.co.uk/Resources/item4a1.jpg]
[www.winsfordasc.co.uk/Resources/item5a1.jpg]
[www.winsfordasc.co.uk/Resources/item3h1.jpg]
[www.winsfordasc.co.uk/Resources/item3f.jpg]
[www.winsfordasc.co.uk/Resources/item3g.jpg]
[www.winsfordasc.co.uk/Resources/item7a.jpg]
[www.winsfordasc.co.uk/Resources/item7b.jpg]
[www.winsfordasc.co.uk/Resources/item6b.jpg]
[www.winsfordasc.co.uk/Resources/waschatsmall1.jpg]
[www.winsfordasc.co.uk/Resources/wascnamedhatsmal.jpg]
[www.winsfordasc.co.uk/Resources/blackpolosmall1a.jpg]
[www.winsfordasc.co.uk/Resources/blackorangepolos.jpg]
[www.winsfordasc.co.uk/Resources/whitepolosmall1.jpg]
[www.winsfordasc.co.uk/Resources/hoodysmall1.jpg]
[www.winsfordasc.co.uk/Resources/tbagsmall1.jpg]
[www.winsfordasc.co.uk/shop.html]
[www.winsfordasc.co.uk/Resources/titlebarwhite1g.png]
[www.winsfordasc.co.uk/Resources/titlebarwhite1h.png]
[www.winsfordasc.co.uk/Resources/easysfund.jpg]
[www.winsfordasc.co.uk/Resources/Club Champs Conditions 2010.docx]
[www.winsfordasc.co.uk/Resources/Swim21 Nutrition.doc]
[www.winsfordasc.co.uk/linksa.html]
[www.winsfordasc.co.uk/Resources/wasc_log2.doc]
[www.winsfordasc.co.uk/Resources/alishanationalme.jpg]
[www.winsfordasc.co.uk/Resources/photo1a.jpg]
[www.winsfordasc.co.uk/Resources/liverpoolsprints.jpg]
[www.winsfordasc.co.uk/Resources/nwrageteammedals.jpg]
[www.winsfordasc.co.uk/Resources/regionalyouth201.jpg]
[www.winsfordasc.co.uk/Resources/Cyprus Warm Weather Training Camp April 2014.docx]
[www.winsfordasc.co.uk/Resources/ccwinnteam.jpg]
[www.winsfordasc.co.uk/Resources/Cheshire County Championships 2014 B.docx]
[www.winsfordasc.co.uk/Resources/Cheshires Ashley Hogg.docx]
[www.winsfordasc.co.uk/Resources/deathcampisurviv.jpg]
[www.winsfordasc.co.uk/Resources/deathcampisurviv1.jpg]
[www.winsfordasc.co.uk/Resources/nmidswinsfordtea.jpg]
[www.winsfordasc.co.uk/Resources/NorthMids2014.doc]
[www.winsfordasc.co.uk/Resources/Corby report 13.docx]
[www.winsfordasc.co.uk/Resources/Frills at Snow Frills.doc]
[www.winsfordasc.co.uk/Resources/arenawinsfordtea.jpg]
[www.winsfordasc.co.uk/Resources/Fast Swimming at Conwy Open.docx]
[www.winsfordasc.co.uk/news2014.html]
[www.winsfordasc.co.uk/Resources/Sheffield Teaspoon Meet.doc]
[www.winsfordasc.co.uk/Resources/titlebarwhiteb.png]
[www.winsfordasc.co.uk/Resources/nationalboysrela.jpg]
[www.winsfordasc.co.uk/Resources/National Youth Championships report 2013.docx]
[www.winsfordasc.co.uk/Resources/Salford report 27 Medals.pdf]
[www.winsfordasc.co.uk/Resources/img0215a.jpg]
[www.winsfordasc.co.uk/Resources/Winsford meet_2013 report.pdf]
[www.winsfordasc.co.uk/Resources/liverpoolsprintp.jpg]
[www.winsfordasc.co.uk/Resources/COLSC_sprint_meet report.pdf]
[www.winsfordasc.co.uk/Resources/NW Regional Age Groups 2013 report.pdf]
[www.winsfordasc.co.uk/Resources/NW regional Report Ashley Hogg.docx]
[www.winsfordasc.co.uk/Resources/Cath_anker_report.pdf]
[www.winsfordasc.co.uk/Resources/nofrillsphoto1.jpg]
[www.winsfordasc.co.uk/Resources/wiganteamweb1.jpg]
[www.winsfordasc.co.uk/Resources/Winsford_wigan report.pdf]
[www.winsfordasc.co.uk/Resources/nwryouthcoach201.jpg]
[www.winsfordasc.co.uk/Resources/bristolteamphoto.jpg]
[www.winsfordasc.co.uk/Resources/bristoljayphoto1.jpg]
[www.winsfordasc.co.uk/Resources/cheshireswimteam.jpg]
[www.winsfordasc.co.uk/Resources/cimg5860.jpg]
[www.winsfordasc.co.uk/Resources/winsfordboysatde.jpg]
[www.winsfordasc.co.uk/Resources/bfinalteamphoto.jpg]
[www.winsfordasc.co.uk/Resources/warrwinnteam1.jpg]
[www.winsfordasc.co.uk/news2013.html]
[www.winsfordasc.co.uk/Resources/alishatopgirl1.jpg]
[www.winsfordasc.co.uk/Resources/nationals2012a.jpg]
[www.winsfordasc.co.uk/Resources/oscarsimage1.jpg]
[www.winsfordasc.co.uk/Resources/regionalage2012a.jpg]
[www.winsfordasc.co.uk/Resources/regionalyouth201a.jpg]
[www.winsfordasc.co.uk/Resources/winsfordclubphot.jpg]
[www.winsfordasc.co.uk/news2012.html]
[www.winsfordasc.co.uk/Resources/topboyandgirls1a.jpg]
[www.winsfordasc.co.uk/Resources/item2h.gif]
[www.winsfordasc.co.uk/Resources/item2g.gif]
[www.winsfordasc.co.uk/Resources/item2b8.gif]
[www.winsfordasc.co.uk/Resources/item2b7.gif]
[www.winsfordasc.co.uk/Resources/titlebarwhitef.png]
[www.winsfordasc.co.uk/Resources/Dev Meet 2010 full results.pdf]
[www.winsfordasc.co.uk/Resources/pdficon1a.jpg]
[www.winsfordasc.co.uk/Resources/autumn open results 2010.pdf]
[www.winsfordasc.co.uk/Resources/dev meet 2011 full results.pdf]
[www.winsfordasc.co.uk/Resources/summer meet full results 7-7-12.pdf]
[www.winsfordasc.co.uk/Resources/wasc meet full results 6-7-13.pdf]
[www.winsfordasc.co.uk/Resources/dev meet 14 results.pdf]
[www.winsfordasc.co.uk/Resources/Withdrawal Form.doc]
[www.winsfordasc.co.uk/Resources/TM Lite Help Sheet.doc]
[www.winsfordasc.co.uk/openmeets.html]
[www.winsfordasc.co.uk/Resources/titlebarwhite1.png]
[www.winsfordasc.co.uk/coaches.html]
[www.winsfordasc.co.uk/Resources/titlebarwhite1b.png]
[www.winsfordasc.co.uk/fees.html]
[www.winsfordasc.co.uk/Resources/titlebarwhite1c.png]
[www.winsfordasc.co.uk/nutritionadvise.html]
[www.winsfordasc.co.uk/Fundraising_files/filelist.xml]
[www.winsfordasc.co.uk/Fundraising_files/image002.jpg]
[www.winsfordasc.co.uk/Fundraising_files/image004.jpg]
[www.winsfordasc.co.uk/Fundraising.html]
[www.winsfordasc.co.uk/Fundraising_files/image006.jpg]
[www.winsfordasc.co.uk/Fundraising_files/editdata.html]
